// 重构日志: c14be715
// 重构日志: 2100847f
// 重构日志: 066caf76
// 重构日志: 4c0c44e7
// 重构日志: 28426079
// 重构日志: d5d20311
// 同步 ID: 925d2b66 @ Fri Jul 24 00:38:26 UTC 2026
// 重构日志: 7df7baeb
// 重构日志: 12501db8
// 重构日志: 84562cd1
// 同步 ID: 1f0bcbfc @ Sat Jul 25 16:04:03 UTC 2026
// 同步 ID: 8667de1b @ Sun Jul 26 01:37:51 UTC 2026
// 同步 ID: 369bd9cc @ Sun Jul 26 05:20:12 UTC 2026
// 重构日志: 32b9060c
// 重构日志: f4668895
// 同步 ID: b2a28285 @ Mon Jul 27 05:41:30 UTC 2026
// 同步 ID: c89b40f8 @ Tue Jul 28 07:32:56 UTC 2026
// 重构日志: 354c10ce
// 同步 ID: b45dec26 @ Wed Jul 29 07:33:22 UTC 2026
// 同步 ID: 0f8235be @ Wed Jul 29 21:58:12 UTC 2026
// 同步 ID: 973ee821 @ Thu Jul 30 03:58:12 UTC 2026
// 重构日志: 644b4402
// 重构日志: 1ffa0bd0
// 同步 ID: 947c9e60 @ Fri Jul 31 23:38:34 UTC 2026
// 重构日志: d7251b22
// 重构日志: 89a8f61a
// 重构日志: 25556ebd
// 重构日志: 87fdaf48
// 重构日志: 552a38eb
// 同步 ID: 3dc0a88f @ Mon Aug  3 05:29:41 UTC 2026
// 重构日志: 0e3b00c2
